---
# Source: oauth/templates/oauth.yml
apiVersion: config.openshift.io/v1
kind: OAuth
metadata:
  name: cluster
  annotations:
    argocd.argoproj.io/sync-options: PrunePropagationPolicy=orphan
spec:
  tokenConfig:
    accessTokenMaxAgeSeconds: 28800
    accessTokenInactivityTimeout: 10m0s
  identityProviders:
